// Jest Snapshot v1, https://goo.gl/fbAQLP

exports[`App component renders App 1`] = `
<DocumentFragment>
  <section
    class="App"
  >
    <header>
      <h1>
        Rick and Morty Toons 2.0132432487398503
      </h1>
    </header>
    <main>
      <h1>
        Loading...
      </h1>
    </main>
  </section>
</DocumentFragment>
`;
